Archive member included because of file (symbol)

c:/program files/atmel/avr studio 5.0/avr toolchain/bin/../lib/gcc/avr/4.5.1/avr5\libgcc.a(_udivmodhi4.o)
                              hardmod.o (__udivmodhi4)
c:/program files/atmel/avr studio 5.0/avr toolchain/bin/../lib/gcc/avr/4.5.1/avr5\libgcc.a(_exit.o)
                              c:/program files/atmel/avr studio 5.0/avr toolchain/bin/../lib/gcc/avr/4.5.1/../../../../avr/lib/avr5/crtm328p.o (exit)
c:/program files/atmel/avr studio 5.0/avr toolchain/bin/../lib/gcc/avr/4.5.1/avr5\libgcc.a(_copy_data.o)
                              format.o (__do_copy_data)
c:/program files/atmel/avr studio 5.0/avr toolchain/bin/../lib/gcc/avr/4.5.1/avr5\libgcc.a(_clear_bss.o)
                              hardmod.o (__do_clear_bss)

Allocating common symbols
Common symbol       size              file

inst                0xf8              hardmod.o
nextorder           0x1               hardmod.o
ticktimer           0x2               hardmod.o
breakrow            0x1               hardmod.o
playtick            0x1               hardmod.o
curtick             0x1               hardmod.o
song_state          0x1               hardmod.o
sections            0xf               hardmod.o
curorder            0x1               hardmod.o
dacPeriod           0x2               hardmod.o
channel             0x2c              hardmod.o
bpm                 0x2               hardmod.o
order               0x80              hardmod.o
bpmtab              0x1c0             hardmod.o
currow              0x1               hardmod.o
speed               0x1               hardmod.o
curpattern          0x5               hardmod.o
mixchn              0x44              hardmod.o
sample              0x3e              hardmod.o

Memory Configuration

Name             Origin             Length             Attributes
text             0x00000000         0x00020000         xr
data             0x00800060         0x0000ffa0         rw !x
eeprom           0x00810000         0x00010000         rw !x
fuse             0x00820000         0x00000400         rw !x
lock             0x00830000         0x00000400         rw !x
signature        0x00840000         0x00000400         rw !x
*default*        0x00000000         0xffffffff

Linker script and memory map

Address of section .data set to 0x800100
LOAD c:/program files/atmel/avr studio 5.0/avr toolchain/bin/../lib/gcc/avr/4.5.1/../../../../avr/lib/avr5/crtm328p.o
LOAD format.o
LOAD hardmod.o
LOAD c:/program files/atmel/avr studio 5.0/avr toolchain/bin/../lib/gcc/avr/4.5.1/avr5\libgcc.a
LOAD c:/program files/atmel/avr studio 5.0/avr toolchain/bin/../lib/gcc/avr/4.5.1/../../../../avr/lib/avr5\libc.a
LOAD c:/program files/atmel/avr studio 5.0/avr toolchain/bin/../lib/gcc/avr/4.5.1/avr5\libgcc.a

.hash
 *(.hash)

.dynsym
 *(.dynsym)

.dynstr
 *(.dynstr)

.gnu.version
 *(.gnu.version)

.gnu.version_d
 *(.gnu.version_d)

.gnu.version_r
 *(.gnu.version_r)

.rel.init
 *(.rel.init)

.rela.init
 *(.rela.init)

.rel.text
 *(.rel.text)
 *(.rel.text.*)
 *(.rel.gnu.linkonce.t*)

.rela.text
 *(.rela.text)
 *(.rela.text.*)
 *(.rela.gnu.linkonce.t*)

.rel.fini
 *(.rel.fini)

.rela.fini
 *(.rela.fini)

.rel.rodata
 *(.rel.rodata)
 *(.rel.rodata.*)
 *(.rel.gnu.linkonce.r*)

.rela.rodata
 *(.rela.rodata)
 *(.rela.rodata.*)
 *(.rela.gnu.linkonce.r*)

.rel.data
 *(.rel.data)
 *(.rel.data.*)
 *(.rel.gnu.linkonce.d*)

.rela.data
 *(.rela.data)
 *(.rela.data.*)
 *(.rela.gnu.linkonce.d*)

.rel.ctors
 *(.rel.ctors)

.rela.ctors
 *(.rela.ctors)

.rel.dtors
 *(.rel.dtors)

.rela.dtors
 *(.rela.dtors)

.rel.got
 *(.rel.got)

.rela.got
 *(.rela.got)

.rel.bss
 *(.rel.bss)

.rela.bss
 *(.rela.bss)

.rel.plt
 *(.rel.plt)

.rela.plt
 *(.rela.plt)

.text           0x00000000     0x38d0
 *(.vectors)
 .vectors       0x00000000       0x68 c:/program files/atmel/avr studio 5.0/avr toolchain/bin/../lib/gcc/avr/4.5.1/../../../../avr/lib/avr5/crtm328p.o
                0x00000000                __vector_default
                0x00000000                __vectors
 *(.vectors)
 *(.progmem.gcc*)
 *(.progmem*)
 .progmem.data  0x00000068     0x22b0 hardmod.o
                0x00000068                songdata
                0x00002318                . = ALIGN (0x2)
                0x00002318                __trampolines_start = .
 *(.trampolines)
 .trampolines   0x00002318        0x0 linker stubs
 *(.trampolines*)
                0x00002318                __trampolines_end = .
 *(.jumptables)
 *(.jumptables*)
 *(.lowtext)
 *(.lowtext*)
                0x00002318                __ctors_start = .
 *(.ctors)
                0x00002318                __ctors_end = .
                0x00002318                __dtors_start = .
 *(.dtors)
                0x00002318                __dtors_end = .
 SORT(*)(.ctors)
 SORT(*)(.dtors)
 *(.init0)
 .init0         0x00002318        0x0 c:/program files/atmel/avr studio 5.0/avr toolchain/bin/../lib/gcc/avr/4.5.1/../../../../avr/lib/avr5/crtm328p.o
                0x00002318                __init
 *(.init0)
 *(.init1)
 *(.init1)
 *(.init2)
 .init2         0x00002318        0xc c:/program files/atmel/avr studio 5.0/avr toolchain/bin/../lib/gcc/avr/4.5.1/../../../../avr/lib/avr5/crtm328p.o
 *(.init2)
 *(.init3)
 *(.init3)
 *(.init4)
 .init4         0x00002324       0x16 c:/program files/atmel/avr studio 5.0/avr toolchain/bin/../lib/gcc/avr/4.5.1/avr5\libgcc.a(_copy_data.o)
                0x00002324                __do_copy_data
 .init4         0x0000233a       0x10 c:/program files/atmel/avr studio 5.0/avr toolchain/bin/../lib/gcc/avr/4.5.1/avr5\libgcc.a(_clear_bss.o)
                0x0000233a                __do_clear_bss
 *(.init4)
 *(.init5)
 *(.init5)
 *(.init6)
 *(.init6)
 *(.init7)
 *(.init7)
 *(.init8)
 *(.init8)
 *(.init9)
 .init9         0x0000234a        0x8 c:/program files/atmel/avr studio 5.0/avr toolchain/bin/../lib/gcc/avr/4.5.1/../../../../avr/lib/avr5/crtm328p.o
 *(.init9)
 *(.text)
 .text          0x00002352        0x4 c:/program files/atmel/avr studio 5.0/avr toolchain/bin/../lib/gcc/avr/4.5.1/../../../../avr/lib/avr5/crtm328p.o
                0x00002352                __vector_22
                0x00002352                __vector_1
                0x00002352                __vector_24
                0x00002352                __vector_12
                0x00002352                __bad_interrupt
                0x00002352                __vector_6
                0x00002352                __vector_3
                0x00002352                __vector_23
                0x00002352                __vector_25
                0x00002352                __vector_11
                0x00002352                __vector_13
                0x00002352                __vector_17
                0x00002352                __vector_19
                0x00002352                __vector_7
                0x00002352                __vector_5
                0x00002352                __vector_4
                0x00002352                __vector_9
                0x00002352                __vector_2
                0x00002352                __vector_21
                0x00002352                __vector_15
                0x00002352                __vector_8
                0x00002352                __vector_10
                0x00002352                __vector_16
                0x00002352                __vector_18
                0x00002352                __vector_20
 .text          0x00002356        0x0 format.o
 .text          0x00002356        0x0 hardmod.o
 .text          0x00002356        0x0 c:/program files/atmel/avr studio 5.0/avr toolchain/bin/../lib/gcc/avr/4.5.1/avr5\libgcc.a(_udivmodhi4.o)
 .text          0x00002356        0x0 c:/program files/atmel/avr studio 5.0/avr toolchain/bin/../lib/gcc/avr/4.5.1/avr5\libgcc.a(_exit.o)
 .text          0x00002356        0x0 c:/program files/atmel/avr studio 5.0/avr toolchain/bin/../lib/gcc/avr/4.5.1/avr5\libgcc.a(_copy_data.o)
 .text          0x00002356        0x0 c:/program files/atmel/avr studio 5.0/avr toolchain/bin/../lib/gcc/avr/4.5.1/avr5\libgcc.a(_clear_bss.o)
                0x00002356                . = ALIGN (0x2)
 *(.text.*)
 .text.readsongbyte
                0x00002356       0x3e hardmod.o
                0x00002356                readsongbyte
 .text.readsongbytesigned
                0x00002394       0x3e hardmod.o
                0x00002394                readsongbytesigned
 .text.readsongword
                0x000023d2       0x5a hardmod.o
                0x000023d2                readsongword
 .text.readsongblock
                0x0000242c       0x82 hardmod.o
                0x0000242c                readsongblock
 .text.havevalidsong
                0x000024ae       0x4c hardmod.o
                0x000024ae                havevalidsong
 .text.setpattern
                0x000024fa       0x8e hardmod.o
                0x000024fa                setpattern
 .text.initmodule
                0x00002588      0x1c0 hardmod.o
                0x00002588                initmodule
 .text.unpacknote
                0x00002748       0x96 hardmod.o
                0x00002748                unpacknote
 .text.playnote
                0x000027de      0x158 hardmod.o
                0x000027de                playnote
 .text.update   0x00002936       0xb6 hardmod.o
                0x00002936                update
 .text.row      0x000029ec      0x1ae hardmod.o
                0x000029ec                row
 .text.tickefx  0x00002b9a       0xfc hardmod.o
                0x00002b9a                tickefx
 .text.seek     0x00002c96       0x76 hardmod.o
                0x00002c96                seek
 .text.tick     0x00002d0c       0x68 hardmod.o
                0x00002d0c                tick
 .text.efx0_row
                0x00002d74       0x5a hardmod.o
                0x00002d74                efx0_row
 .text.efx1_row
                0x00002dce       0x18 hardmod.o
                0x00002dce                efx1_row
 .text.efx2_row
                0x00002de6       0x18 hardmod.o
                0x00002de6                efx2_row
 .text.efx3_row
                0x00002dfe       0x90 hardmod.o
                0x00002dfe                efx3_row
 .text.efx4_row
                0x00002e8e       0x18 hardmod.o
                0x00002e8e                efx4_row
 .text.efx5_row
                0x00002ea6       0x18 hardmod.o
                0x00002ea6                efx5_row
 .text.efx6_row
                0x00002ebe       0x18 hardmod.o
                0x00002ebe                efx6_row
 .text.efx7_row
                0x00002ed6       0x18 hardmod.o
                0x00002ed6                efx7_row
 .text.efx8_row
                0x00002eee       0x18 hardmod.o
                0x00002eee                efx8_row
 .text.efx9_row
                0x00002f06       0x18 hardmod.o
                0x00002f06                efx9_row
 .text.efxA_row
                0x00002f1e       0x18 hardmod.o
                0x00002f1e                efxA_row
 .text.efxB_row
                0x00002f36       0x30 hardmod.o
                0x00002f36                efxB_row
 .text.efxC_row
                0x00002f66       0x42 hardmod.o
                0x00002f66                efxC_row
 .text.efxD_row
                0x00002fa8       0x30 hardmod.o
                0x00002fa8                efxD_row
 .text.efxE_row
                0x00002fd8       0x18 hardmod.o
                0x00002fd8                efxE_row
 .text.efxF_row
                0x00002ff0       0x56 hardmod.o
                0x00002ff0                efxF_row
 .text.efx0_tick
                0x00003046       0xea hardmod.o
                0x00003046                efx0_tick
 .text.pitchslide
                0x00003130       0x5e hardmod.o
                0x00003130                pitchslide
 .text.efx1_tick
                0x0000318e       0x6a hardmod.o
                0x0000318e                efx1_tick
 .text.efx2_tick
                0x000031f8       0x68 hardmod.o
                0x000031f8                efx2_tick
 .text.efx3_tick
                0x00003260      0x17e hardmod.o
                0x00003260                efx3_tick
 .text.efx4_tick
                0x000033de       0x18 hardmod.o
                0x000033de                efx4_tick
 .text.efx5_tick
                0x000033f6       0x28 hardmod.o
                0x000033f6                efx5_tick
 .text.efx6_tick
                0x0000341e       0x18 hardmod.o
                0x0000341e                efx6_tick
 .text.efx7_tick
                0x00003436       0x18 hardmod.o
                0x00003436                efx7_tick
 .text.efx8_tick
                0x0000344e       0x18 hardmod.o
                0x0000344e                efx8_tick
 .text.efx9_tick
                0x00003466       0x18 hardmod.o
                0x00003466                efx9_tick
 .text.efxA_tick
                0x0000347e       0xee hardmod.o
                0x0000347e                efxA_tick
 .text.efxB_tick
                0x0000356c       0x18 hardmod.o
                0x0000356c                efxB_tick
 .text.efxC_tick
                0x00003584       0x18 hardmod.o
                0x00003584                efxC_tick
 .text.efxD_tick
                0x0000359c       0x18 hardmod.o
                0x0000359c                efxD_tick
 .text.efxE_tick
                0x000035b4       0x18 hardmod.o
                0x000035b4                efxE_tick
 .text.efxF_tick
                0x000035cc       0x18 hardmod.o
                0x000035cc                efxF_tick
 .text.play     0x000035e4       0x8e hardmod.o
                0x000035e4                play
 .text.__vector_14
                0x00003672      0x21c hardmod.o
                0x00003672                __vector_14
 .text.main     0x0000388e       0x16 hardmod.o
                0x0000388e                main
 .text.libgcc   0x000038a4       0x28 c:/program files/atmel/avr studio 5.0/avr toolchain/bin/../lib/gcc/avr/4.5.1/avr5\libgcc.a(_udivmodhi4.o)
                0x000038a4                __udivmodhi4
 .text.libgcc   0x000038cc        0x0 c:/program files/atmel/avr studio 5.0/avr toolchain/bin/../lib/gcc/avr/4.5.1/avr5\libgcc.a(_exit.o)
 .text.libgcc   0x000038cc        0x0 c:/program files/atmel/avr studio 5.0/avr toolchain/bin/../lib/gcc/avr/4.5.1/avr5\libgcc.a(_copy_data.o)
 .text.libgcc   0x000038cc        0x0 c:/program files/atmel/avr studio 5.0/avr toolchain/bin/../lib/gcc/avr/4.5.1/avr5\libgcc.a(_clear_bss.o)
                0x000038cc                . = ALIGN (0x2)
 *(.fini9)
 .fini9         0x000038cc        0x0 c:/program files/atmel/avr studio 5.0/avr toolchain/bin/../lib/gcc/avr/4.5.1/avr5\libgcc.a(_exit.o)
                0x000038cc                _exit
                0x000038cc                exit
 *(.fini9)
 *(.fini8)
 *(.fini8)
 *(.fini7)
 *(.fini7)
 *(.fini6)
 *(.fini6)
 *(.fini5)
 *(.fini5)
 *(.fini4)
 *(.fini4)
 *(.fini3)
 *(.fini3)
 *(.fini2)
 *(.fini2)
 *(.fini1)
 *(.fini1)
 *(.fini0)
 .fini0         0x000038cc        0x4 c:/program files/atmel/avr studio 5.0/avr toolchain/bin/../lib/gcc/avr/4.5.1/avr5\libgcc.a(_exit.o)
 *(.fini0)
                0x000038d0                _etext = .

.data           0x00800100       0x9e load address 0x000038d0
                0x00800100                PROVIDE (__data_start, .)
 *(.data)
 .data          0x00800100        0x0 c:/program files/atmel/avr studio 5.0/avr toolchain/bin/../lib/gcc/avr/4.5.1/../../../../avr/lib/avr5/crtm328p.o
 .data          0x00800100        0x0 format.o
 .data          0x00800100        0x0 hardmod.o
 .data          0x00800100        0x0 c:/program files/atmel/avr studio 5.0/avr toolchain/bin/../lib/gcc/avr/4.5.1/avr5\libgcc.a(_udivmodhi4.o)
 .data          0x00800100        0x0 c:/program files/atmel/avr studio 5.0/avr toolchain/bin/../lib/gcc/avr/4.5.1/avr5\libgcc.a(_exit.o)
 .data          0x00800100        0x0 c:/program files/atmel/avr studio 5.0/avr toolchain/bin/../lib/gcc/avr/4.5.1/avr5\libgcc.a(_copy_data.o)
 .data          0x00800100        0x0 c:/program files/atmel/avr studio 5.0/avr toolchain/bin/../lib/gcc/avr/4.5.1/avr5\libgcc.a(_clear_bss.o)
 *(.data*)
 .data.roweffect
                0x00800100       0x20 hardmod.o
                0x00800100                roweffect
 .data.tickeffect
                0x00800120       0x20 hardmod.o
                0x00800120                tickeffect
 .data.lastsample.1775
                0x00800140        0x1 hardmod.o
 *(.rodata)
 *(.rodata*)
 .rodata.periodTable
                0x00800141       0x48 format.o
                0x00800141                periodTable
 .rodata.songdata_len
                0x00800189        0x2 hardmod.o
                0x00800189                songdata_len
 .rodata.C.34.2915
                0x0080018b        0x9 hardmod.o
 .rodata.C.35.2939
                0x00800194        0x9 hardmod.o
 *(.gnu.linkonce.d*)
                0x0080019e                . = ALIGN (0x2)
 *fill*         0x0080019d        0x1 00
                0x0080019e                _edata = .
                0x0080019e                PROVIDE (__data_end, .)

.bss            0x0080019e      0x408
                0x0080019e                PROVIDE (__bss_start, .)
 *(.bss)
 .bss           0x0080019e        0x0 c:/program files/atmel/avr studio 5.0/avr toolchain/bin/../lib/gcc/avr/4.5.1/../../../../avr/lib/avr5/crtm328p.o
 .bss           0x0080019e        0x0 format.o
 .bss           0x0080019e        0x0 hardmod.o
 .bss           0x0080019e        0x0 c:/program files/atmel/avr studio 5.0/avr toolchain/bin/../lib/gcc/avr/4.5.1/avr5\libgcc.a(_udivmodhi4.o)
 .bss           0x0080019e        0x0 c:/program files/atmel/avr studio 5.0/avr toolchain/bin/../lib/gcc/avr/4.5.1/avr5\libgcc.a(_exit.o)
 .bss           0x0080019e        0x0 c:/program files/atmel/avr studio 5.0/avr toolchain/bin/../lib/gcc/avr/4.5.1/avr5\libgcc.a(_copy_data.o)
 .bss           0x0080019e        0x0 c:/program files/atmel/avr studio 5.0/avr toolchain/bin/../lib/gcc/avr/4.5.1/avr5\libgcc.a(_clear_bss.o)
 *(.bss*)
 *(COMMON)
 COMMON         0x0080019e      0x408 hardmod.o
                0x0080019e                inst
                0x00800296                nextorder
                0x00800297                ticktimer
                0x00800299                breakrow
                0x0080029a                playtick
                0x0080029b                curtick
                0x0080029c                song_state
                0x0080029d                sections
                0x008002ac                curorder
                0x008002ad                dacPeriod
                0x008002af                channel
                0x008002db                bpm
                0x008002dd                order
                0x0080035d                bpmtab
                0x0080051d                currow
                0x0080051e                speed
                0x0080051f                curpattern
                0x00800524                mixchn
                0x00800568                sample
                0x008005a6                PROVIDE (__bss_end, .)
                0x000038d0                __data_load_start = LOADADDR (.data)
                0x0000396e                __data_load_end = (__data_load_start + SIZEOF (.data))

.noinit         0x008005a6        0x0
                0x008005a6                PROVIDE (__noinit_start, .)
 *(.noinit*)
                0x008005a6                PROVIDE (__noinit_end, .)
                0x008005a6                _end = .
                0x008005a6                PROVIDE (__heap_start, .)

.eeprom         0x00810000        0x0
 *(.eeprom*)
                0x00810000                __eeprom_end = .

.fuse
 *(.fuse)
 *(.lfuse)
 *(.hfuse)
 *(.efuse)

.lock
 *(.lock*)

.signature
 *(.signature*)

.stab           0x00000000      0x6cc
 *(.stab)
 .stab          0x00000000      0x6cc c:/program files/atmel/avr studio 5.0/avr toolchain/bin/../lib/gcc/avr/4.5.1/../../../../avr/lib/avr5/crtm328p.o

.stabstr        0x00000000       0x85
 *(.stabstr)
 .stabstr       0x00000000       0x85 c:/program files/atmel/avr studio 5.0/avr toolchain/bin/../lib/gcc/avr/4.5.1/../../../../avr/lib/avr5/crtm328p.o

.stab.excl
 *(.stab.excl)

.stab.exclstr
 *(.stab.exclstr)

.stab.index
 *(.stab.index)

.stab.indexstr
 *(.stab.indexstr)

.comment
 *(.comment)

.debug
 *(.debug)

.line
 *(.line)

.debug_srcinfo
 *(.debug_srcinfo)

.debug_sfnames
 *(.debug_sfnames)

.debug_aranges  0x00000000      0x1a8
 *(.debug_aranges)
 .debug_aranges
                0x00000000      0x1a8 hardmod.o

.debug_pubnames
                0x00000000      0x3fd
 *(.debug_pubnames)
 .debug_pubnames
                0x00000000       0x22 format.o
 .debug_pubnames
                0x00000022      0x3db hardmod.o

.debug_info     0x00000000     0x11a1
 *(.debug_info)
 .debug_info    0x00000000       0xb3 format.o
 .debug_info    0x000000b3     0x10ee hardmod.o
 *(.gnu.linkonce.wi.*)

.debug_abbrev   0x00000000      0x2c2
 *(.debug_abbrev)
 .debug_abbrev  0x00000000       0x61 format.o
 .debug_abbrev  0x00000061      0x261 hardmod.o

.debug_line     0x00000000      0xdc4
 *(.debug_line)
 .debug_line    0x00000000       0x5b format.o
 .debug_line    0x0000005b      0xd69 hardmod.o

.debug_frame    0x00000000      0x330
 *(.debug_frame)
 .debug_frame   0x00000000      0x330 hardmod.o

.debug_str      0x00000000      0x4de
 *(.debug_str)
 .debug_str     0x00000000       0xce format.o
                                0x107 (size before relaxing)
 .debug_str     0x000000ce      0x410 hardmod.o
                                0x551 (size before relaxing)

.debug_loc
 *(.debug_loc)

.debug_macinfo
 *(.debug_macinfo)
OUTPUT(hardmod.elf elf32-avr)
LOAD linker stubs

.debug_pubtypes
                0x00000000       0xd8
 .debug_pubtypes
                0x00000000       0x1a format.o
 .debug_pubtypes
                0x0000001a       0xbe hardmod.o

.debug_ranges   0x00000000      0x198
 .debug_ranges  0x00000000      0x198 hardmod.o
